**********************
Início da transcrição do Windows PowerShell
Hora de início: 20260824092002
Nome de Usuário: DESKTOP-NKQNLBA\Thalles
Executar como Usuário: DESKTOP-NKQNLBA\Thalles
Nome da Configuração: 
Computador: DESKTOP-NKQNLBA (Microsoft Windows NT 10.0.19043.0)
Aplicativo Host: powershell.exe -NoProfile -ExecutionPolicy Bypass -File C:\Users\Thalles\Desktop\Projetos\AcessiSaúde-Audit Ferramenta Computacional de Auditoria Contínua de Acessibilidade Web (WCAGLBI) para Plataformas Públicas de Saúde\scripts\coleta-diaria.ps1
ID do Processo: 27364
PSVersion: 5.1.19041.610
PSEdition: Desktop
PSCompatibleVersions: 1.0, 2.0, 3.0, 4.0, 5.0, 5.1.19041.610
BuildVersion: 10.0.19041.610
CLRVersion: 4.0.30319.42000
WSManStackVersion: 3.0
PSRemotingProtocolVersion: 2.3
SerializationVersion: 1.1.0.1
**********************
[09:20:02] Coleta diaria — posicao de rede: residencial, Brasil
[09:20:02] Registro: C:\Users\Thalles\Desktop\Projetos\AcessiSaúde-Audit Ferramenta Computacional de Auditoria Contínua de Acessibilidade Web (WCAGLBI) para Plataformas Públicas de Saúde\data\logs\coleta-20260824-092002.log
[09:20:02] Subindo o servidor do conjunto de validacao...
[09:20:03] Varrendo o conjunto de validacao...
┌───────────────────────────────────────────────────── Varredura ─────────────────────────────────────────────────────┐
│ Conjunto de validação sintético (golden set)                                                                        │
│ http://127.0.0.1:8080                                                                                               │
│                                                                                                                     │
│ Páginas auditáveis: 5                                                                                               │
│ Lacunas declaradas (exigem autenticação): 0                                                                         │
│ Perfis: mobile-320, desktop-1366                                                                                    │
│ Intervalo entre requisições: 2000 ms                                                                                │
│ robots.txt: respeitado                                                                                              │
└─────────────────────────────────────────────────────────────────────────────────────────────────────────────────────┘
⠋ Auditando… ----------------------------------------  12:20:05 INFO    acessisaude_audit.auditor.engine       varredura
 iniciada  {'alvo': 'fixtures-local', 'tarefas': 10, 'urls': 5, 'lacunas_declaradas': 0}
⠋ Auditando… ----------------------------------------  12:20:06 INFO    acessisaude_audit.auditor.browser      navegador
 iniciado  {'browser': 'chromium 151.0.7922.34'}
⠏ Auditando… ----------------------------------------  12:20:07 INFO    acessisaude_audit.auditor.crawler      robots.tx
t indisponível — coleta permitida  {'origem': 'http://127.0.0.1:8080', 'http': 404}
  http://127.0.0.1:8080/pages/pagina-pesada.html ---------------------------------------- 100%12:20:55 INFO    acessisau
de_audit.auditor.browser      navegador encerrado
12:20:55 INFO    acessisaude_audit.auditor.engine       varredura concluída  {'alvo': 'fixtures-local', 'status': 'compl
eted', 'paginas': 10, 'violacoes': 50, 'perda': 0.0}
  http://127.0.0.1:8080/pages/pagina-pesada.html ---------------------------------------- 100%
┌───────────────────────────────────────────────── Barreira absoluta ─────────────────────────────────────────────────┐
│ Foram detectadas violações de risco jurídico crítico: barreiras que impedem completamente o uso por um grupo        │
│ identificável, sem rota alternativa. Os demais índices descrevem a dificuldade de um serviço que, para essas        │
│ pessoas, está indisponível.                                                                                         │
└─────────────────────────────────────────────────────────────────────────────────────────────────────────────────────┘
                                          Índices agregados
┌──────────────────────────┬─────────────┬───────────────────────────────────────────────────────────┐
│ indicador                │       valor │ leitura                                                   │
├──────────────────────────┼─────────────┼───────────────────────────────────────────────────────────┤
│ ICA — Conformidade       │        30.8 │ 0–100, maior é melhor                                     │
│ IAN — Atrito             │        96.6 │ 0–100, menor é melhor                                     │
│ IEJ — Exposição jurídica │        40.0 │ 0–100, menor é melhor                                     │
│ Violações                │          50 │ 119 ocorrências                                           │
│ Revisão humana           │          21 │ achados indeterminados                                    │
│ Cobertura                │         54% │ 27/50 critérios                                           │
│ Perda de páginas         │        0.0% │ erros de navegação                                        │
│ Peso médio               │     0.69 MB │ 0,2 centavo por acesso, 0.007% da franquia mensal         │
│ Custo da jornada         │ 0,8 centavo │ 4 acessos/mês · 0.03% da franquia                         │
│ Tráfego de terceiros     │         22% │ custo transferido ao usuário sem contrapartida no serviço │
└──────────────────────────┴─────────────┴───────────────────────────────────────────────────────────┘
  Quem é excluído (ocorrências por grupo)
┌────────────────────────────┬─────────────┐
│ grupo                      │ ocorrências │
├────────────────────────────┼─────────────┤
│ cognitiva_neurodivergencia │         107 │
│ baixa_visao                │          91 │
│ motora                     │          69 │
│ cegueira                   │          44 │
│ visao_de_cores             │          16 │
│ baixa_conectividade        │          10 │
│ fala                       │           4 │
│ surdez                     │           2 │
└────────────────────────────┴─────────────┘
A verificação automática cobre parte dos critérios A/AA. Ausência de achado não equivale a conformidade.
12:20:55 INFO    acessisaude_audit.persistence.repositories varredura gravada em disco  {'arquivo': 'C:\\Users\\Thalles\
\Desktop\\Projetos\\AcessiSaúde-Audit Ferramenta Computacional de Auditoria Contínua de Acessibilidade Web (WCAGLBI) par
a Plataformas Públicas de Saúde\\data\\scans\\fixtures-local__20260824-122005__6b2b9111.json', 'bytes': 244935}
JSON: C:\Users\Thalles\Desktop\Projetos\AcessiSaúde-Audit Ferramenta Computacional de Auditoria Contínua de
Acessibilidade Web (WCAGLBI) para Plataformas Públicas de
Saúde\data\scans\fixtures-local__20260824-122005__6b2b9111.json
12:20:55 INFO    acessisaude_audit.persistence.database esquema do banco verificado  {'url': 'sqlite:///C:/Users/Thalles
/Desktop/Projetos/AcessiSaúde-Audit Ferramenta Computacional de Auditoria Contínua de Acessibilidade Web (WCAGLBI) para
Plataformas Públicas de Saúde/data/acessisaude.sqlite'}
12:20:55 INFO    acessisaude_audit.persistence.repositories varredura indexada  {'scan': '6b2b9111-05b3-4432-8090-3cdf62
8df3c4', 'alvo': 'fixtures-local', 'ica': 30.82, 'ian': 96.64}
Banco: sqlite:///C:/Users/Thalles/Desktop/Projetos/AcessiSaúde-Audit Ferramenta Computacional de Auditoria Contínua de
Acessibilidade Web (WCAGLBI) para Plataformas Públicas de Saúde/data/acessisaude.sqlite
[09:20:56] Aferindo o instrumento...
[aferição] Aprovado — fixtures-local__20260824-122005__6b2b9111.json
[09:20:56] Afericao aprovada.
[09:20:56] Servidor de fixtures encerrado.
[09:20:57] Alvos: conecte-sus-web gov-br-saude ses-rj sms-rio carioca-rio-saude
[09:20:57] --- conecte-sus-web ---
┌───────────────────────────────────────────────────── Varredura ─────────────────────────────────────────────────────┐
│ Meu SUS Digital (Conecte SUS) — versão web                                                                          │
│ https://meususdigital.saude.gov.br                                                                                  │
│                                                                                                                     │
│ Páginas auditáveis: 1                                                                                               │
│ Lacunas declaradas (exigem autenticação): 1                                                                         │
│ Perfis: mobile-320, desktop-1366                                                                                    │
│ Intervalo entre requisições: 2000 ms                                                                                │
│ robots.txt: respeitado                                                                                              │
└─────────────────────────────────────────────────────────────────────────────────────────────────────────────────────┘
⠋ Auditando… ----------------------------------------  12:20:58 INFO    acessisaude_audit.auditor.engine       varredura
 iniciada  {'alvo': 'conecte-sus-web', 'tarefas': 2, 'urls': 1, 'lacunas_declaradas': 1}
⠏ Auditando… ----------------------------------------  12:20:59 INFO    acessisaude_audit.auditor.browser      navegador
 iniciado  {'browser': 'chromium 151.0.7922.34'}
⠏ Auditando… ----------------------------------------  12:21:00 INFO    acessisaude_audit.auditor.crawler      robots.tx
t carregado  {'origem': 'https://meususdigital.saude.gov.br'}
  https://meususdigital.saude.gov.br/ ---------------------------------------- 100%12:21:18 INFO    acessisaude_audit.au
ditor.browser      navegador encerrado
12:21:18 INFO    acessisaude_audit.auditor.engine       varredura concluída  {'alvo': 'conecte-sus-web', 'status': 'comp
leted', 'paginas': 2, 'violacoes': 13, 'perda': 0.0}
  https://meususdigital.saude.gov.br/ ---------------------------------------- 100%
┌───────────────────────────────────────────────── Barreira absoluta ─────────────────────────────────────────────────┐
│ Foram detectadas violações de risco jurídico crítico: barreiras que impedem completamente o uso por um grupo        │
│ identificável, sem rota alternativa. Os demais índices descrevem a dificuldade de um serviço que, para essas        │
│ pessoas, está indisponível.                                                                                         │
└─────────────────────────────────────────────────────────────────────────────────────────────────────────────────────┘
                                        Índices agregados
┌──────────────────────────┬─────────┬───────────────────────────────────────────────────────────┐
│ indicador                │   valor │ leitura                                                   │
├──────────────────────────┼─────────┼───────────────────────────────────────────────────────────┤
│ ICA — Conformidade       │    72.6 │ 0–100, maior é melhor                                     │
│ IAN — Atrito             │    99.8 │ 0–100, menor é melhor                                     │
│ IEJ — Exposição jurídica │    58.7 │ 0–100, menor é melhor                                     │
│ Violações                │      13 │ 37 ocorrências                                            │
│ Revisão humana           │       3 │ achados indeterminados                                    │
│ Cobertura                │     54% │ 27/50 critérios                                           │
│ Perda de páginas         │    0.0% │ erros de navegação                                        │
│ Peso médio               │ 7.29 MB │ R$ 0,02 por acesso, 0.071% da franquia mensal             │
│ Custo da jornada         │ R$ 0,09 │ 4 acessos/mês · 0.28% da franquia                         │
│ Tráfego de terceiros     │      4% │ custo transferido ao usuário sem contrapartida no serviço │
└──────────────────────────┴─────────┴───────────────────────────────────────────────────────────┘
  Quem é excluído (ocorrências por grupo)
┌────────────────────────────┬─────────────┐
│ grupo                      │ ocorrências │
├────────────────────────────┼─────────────┤
│ cegueira                   │          31 │
│ baixa_visao                │          21 │
│ cognitiva_neurodivergencia │          21 │
│ baixa_conectividade        │          17 │
│ fala                       │          14 │
│ motora                     │          14 │
└────────────────────────────┴─────────────┘
A verificação automática cobre parte dos critérios A/AA. Ausência de achado não equivale a conformidade.
12:21:18 INFO    acessisaude_audit.persistence.repositories varredura gravada em disco  {'arquivo': 'C:\\Users\\Thalles\
\Desktop\\Projetos\\AcessiSaúde-Audit Ferramenta Computacional de Auditoria Contínua de Acessibilidade Web (WCAGLBI) par
a Plataformas Públicas de Saúde\\data\\scans\\conecte-sus-web__20260824-122058__8d6e0935.json', 'bytes': 75981}
JSON: C:\Users\Thalles\Desktop\Projetos\AcessiSaúde-Audit Ferramenta Computacional de Auditoria Contínua de
Acessibilidade Web (WCAGLBI) para Plataformas Públicas de
Saúde\data\scans\conecte-sus-web__20260824-122058__8d6e0935.json
12:21:18 INFO    acessisaude_audit.persistence.database esquema do banco verificado  {'url': 'sqlite:///C:/Users/Thalles
/Desktop/Projetos/AcessiSaúde-Audit Ferramenta Computacional de Auditoria Contínua de Acessibilidade Web (WCAGLBI) para
Plataformas Públicas de Saúde/data/acessisaude.sqlite'}
12:21:18 INFO    acessisaude_audit.persistence.repositories varredura indexada  {'scan': '8d6e0935-1afd-4fd9-b1ad-f811e0
266ce7', 'alvo': 'conecte-sus-web', 'ica': 72.6, 'ian': 99.85}
Banco: sqlite:///C:/Users/Thalles/Desktop/Projetos/AcessiSaúde-Audit Ferramenta Computacional de Auditoria Contínua de
Acessibilidade Web (WCAGLBI) para Plataformas Públicas de Saúde/data/acessisaude.sqlite
[09:21:18] --- gov-br-saude ---
┌───────────────────────────────────────────────────── Varredura ─────────────────────────────────────────────────────┐
│ Portal gov.br — área de Saúde                                                                                       │
│ https://www.gov.br/saude/pt-br                                                                                      │
│                                                                                                                     │
│ Páginas auditáveis: 3                                                                                               │
│ Lacunas declaradas (exigem autenticação): 0                                                                         │
│ Perfis: mobile-320, desktop-1366                                                                                    │
│ Intervalo entre requisições: 2000 ms                                                                                │
│ robots.txt: respeitado                                                                                              │
└─────────────────────────────────────────────────────────────────────────────────────────────────────────────────────┘
⠋ Auditando… ----------------------------------------  12:21:19 INFO    acessisaude_audit.auditor.engine       varredura
 iniciada  {'alvo': 'gov-br-saude', 'tarefas': 6, 'urls': 3, 'lacunas_declaradas': 0}
⠇ Auditando… ----------------------------------------  12:21:20 INFO    acessisaude_audit.auditor.browser      navegador
 iniciado  {'browser': 'chromium 151.0.7922.34'}
⠧ Auditando… ----------------------------------------  12:21:21 INFO    acessisaude_audit.auditor.crawler      robots.tx
t carregado  {'origem': 'https://www.gov.br'}
  https://www.gov.br/saude/pt-br/composicao/saes ---------------------------------------- 100%12:21:57 INFO    acessisau
de_audit.auditor.browser      navegador encerrado
12:21:57 INFO    acessisaude_audit.auditor.engine       varredura concluída  {'alvo': 'gov-br-saude', 'status': 'complet
ed', 'paginas': 6, 'violacoes': 26, 'perda': 0.0}
  https://www.gov.br/saude/pt-br/composicao/saes ---------------------------------------- 100%
┌───────────────────────────────────────────────── Barreira absoluta ─────────────────────────────────────────────────┐
│ Foram detectadas violações de risco jurídico crítico: barreiras que impedem completamente o uso por um grupo        │
│ identificável, sem rota alternativa. Os demais índices descrevem a dificuldade de um serviço que, para essas        │
│ pessoas, está indisponível.                                                                                         │
└─────────────────────────────────────────────────────────────────────────────────────────────────────────────────────┘
                                        Índices agregados
┌──────────────────────────┬─────────┬───────────────────────────────────────────────────────────┐
│ indicador                │   valor │ leitura                                                   │
├──────────────────────────┼─────────┼───────────────────────────────────────────────────────────┤
│ ICA — Conformidade       │    80.1 │ 0–100, maior é melhor                                     │
│ IAN — Atrito             │    91.6 │ 0–100, menor é melhor                                     │
│ IEJ — Exposição jurídica │    27.0 │ 0–100, menor é melhor                                     │
│ Violações                │      26 │ 44 ocorrências                                            │
│ Revisão humana           │      13 │ achados indeterminados                                    │
│ Cobertura                │     54% │ 27/50 critérios                                           │
│ Perda de páginas         │    0.0% │ erros de navegação                                        │
│ Peso médio               │ 4.20 MB │ R$ 0,01 por acesso, 0.041% da franquia mensal             │
│ Custo da jornada         │ R$ 0,05 │ 4 acessos/mês · 0.16% da franquia                         │
│ Tráfego de terceiros     │     23% │ custo transferido ao usuário sem contrapartida no serviço │
└──────────────────────────┴─────────┴───────────────────────────────────────────────────────────┘
  Quem é excluído (ocorrências por grupo)
┌────────────────────────────┬─────────────┐
│ grupo                      │ ocorrências │
├────────────────────────────┼─────────────┤
│ cegueira                   │          38 │
│ cognitiva_neurodivergencia │          32 │
│ fala                       │          21 │
│ motora                     │          21 │
│ baixa_conectividade        │          18 │
│ baixa_visao                │          17 │
└────────────────────────────┴─────────────┘
A verificação automática cobre parte dos critérios A/AA. Ausência de achado não equivale a conformidade.
12:21:57 INFO    acessisaude_audit.persistence.repositories varredura gravada em disco  {'arquivo': 'C:\\Users\\Thalles\
\Desktop\\Projetos\\AcessiSaúde-Audit Ferramenta Computacional de Auditoria Contínua de Acessibilidade Web (WCAGLBI) par
a Plataformas Públicas de Saúde\\data\\scans\\gov-br-saude__20260824-122119__92da6862.json', 'bytes': 183661}
JSON: C:\Users\Thalles\Desktop\Projetos\AcessiSaúde-Audit Ferramenta Computacional de Auditoria Contínua de
Acessibilidade Web (WCAGLBI) para Plataformas Públicas de Saúde\data\scans\gov-br-saude__20260824-122119__92da6862.json
12:21:57 INFO    acessisaude_audit.persistence.database esquema do banco verificado  {'url': 'sqlite:///C:/Users/Thalles
/Desktop/Projetos/AcessiSaúde-Audit Ferramenta Computacional de Auditoria Contínua de Acessibilidade Web (WCAGLBI) para
Plataformas Públicas de Saúde/data/acessisaude.sqlite'}
12:21:57 INFO    acessisaude_audit.persistence.repositories varredura indexada  {'scan': '92da6862-f142-4b13-aba5-d8b3a8
12f551', 'alvo': 'gov-br-saude', 'ica': 80.14, 'ian': 91.64}
Banco: sqlite:///C:/Users/Thalles/Desktop/Projetos/AcessiSaúde-Audit Ferramenta Computacional de Auditoria Contínua de
Acessibilidade Web (WCAGLBI) para Plataformas Públicas de Saúde/data/acessisaude.sqlite
[09:21:57] --- ses-rj ---
┌───────────────────────────────────────────────────── Varredura ─────────────────────────────────────────────────────┐
│ Secretaria de Estado de Saúde do Rio de Janeiro                                                                     │
│ https://www.rj.gov.br/saude                                                                                         │
│                                                                                                                     │
│ Páginas auditáveis: 3                                                                                               │
│ Lacunas declaradas (exigem autenticação): 0                                                                         │
│ Perfis: mobile-320, desktop-1366                                                                                    │
│ Intervalo entre requisições: 2000 ms                                                                                │
│ robots.txt: respeitado                                                                                              │
└─────────────────────────────────────────────────────────────────────────────────────────────────────────────────────┘
⠋ Auditando… ----------------------------------------  12:21:59 INFO    acessisaude_audit.auditor.engine       varredura
 iniciada  {'alvo': 'ses-rj', 'tarefas': 6, 'urls': 3, 'lacunas_declaradas': 0}
⠇ Auditando… ----------------------------------------  12:22:00 INFO    acessisaude_audit.auditor.browser      navegador
 iniciado  {'browser': 'chromium 151.0.7922.34'}
⠧ Auditando… ----------------------------------------  12:22:00 INFO    acessisaude_audit.auditor.crawler      robots.tx
t carregado  {'origem': 'https://www.rj.gov.br'}
⠸ https://www.rj.gov.br/saude ------------- --------------------------  33%12:23:10 INFO    acessisaude_audit.auditor.cr
awler      robots.txt indisponível — coleta permitida  {'origem': 'https://www.saude.rj.gov.br', 'http': 404}
  https://www.saude.rj.gov.br/laudos ---------------------------------------- 100%12:24:26 INFO    acessisaude_audit.aud
itor.browser      navegador encerrado
12:24:26 INFO    acessisaude_audit.auditor.engine       varredura concluída  {'alvo': 'ses-rj', 'status': 'completed', '
paginas': 6, 'violacoes': 60, 'perda': 0.0}
  https://www.saude.rj.gov.br/laudos ---------------------------------------- 100%
┌───────────────────────────────────────────────── Barreira absoluta ─────────────────────────────────────────────────┐
│ Foram detectadas violações de risco jurídico crítico: barreiras que impedem completamente o uso por um grupo        │
│ identificável, sem rota alternativa. Os demais índices descrevem a dificuldade de um serviço que, para essas        │
│ pessoas, está indisponível.                                                                                         │
└─────────────────────────────────────────────────────────────────────────────────────────────────────────────────────┘
                                        Índices agregados
┌──────────────────────────┬─────────┬───────────────────────────────────────────────────────────┐
│ indicador                │   valor │ leitura                                                   │
├──────────────────────────┼─────────┼───────────────────────────────────────────────────────────┤
│ ICA — Conformidade       │    49.3 │ 0–100, maior é melhor                                     │
│ IAN — Atrito             │    99.9 │ 0–100, menor é melhor                                     │
│ IEJ — Exposição jurídica │    67.4 │ 0–100, menor é melhor                                     │
│ Violações                │      60 │ 150 ocorrências                                           │
│ Revisão humana           │      22 │ achados indeterminados                                    │
│ Cobertura                │     54% │ 27/50 critérios                                           │
│ Perda de páginas         │    0.0% │ erros de navegação                                        │
│ Peso médio               │ 2.75 MB │ 0,8 centavo por acesso, 0.027% da franquia mensal         │
│ Custo da jornada         │ R$ 0,03 │ 4 acessos/mês · 0.11% da franquia                         │
│ Tráfego de terceiros     │     30% │ custo transferido ao usuário sem contrapartida no serviço │
└──────────────────────────┴─────────┴───────────────────────────────────────────────────────────┘
  Quem é excluído (ocorrências por grupo)
┌────────────────────────────┬─────────────┐
│ grupo                      │ ocorrências │
├────────────────────────────┼─────────────┤
│ cognitiva_neurodivergencia │         121 │
│ motora                     │         112 │
│ cegueira                   │         104 │
│ fala                       │          76 │
│ baixa_visao                │          61 │
│ baixa_conectividade        │           9 │
│ visao_de_cores             │           8 │
└────────────────────────────┴─────────────┘
A verificação automática cobre parte dos critérios A/AA. Ausência de achado não equivale a conformidade.
12:24:26 INFO    acessisaude_audit.persistence.repositories varredura gravada em disco  {'arquivo': 'C:\\Users\\Thalles\
\Desktop\\Projetos\\AcessiSaúde-Audit Ferramenta Computacional de Auditoria Contínua de Acessibilidade Web (WCAGLBI) par
a Plataformas Públicas de Saúde\\data\\scans\\ses-rj__20260824-122159__33244659.json', 'bytes': 440777}
JSON: C:\Users\Thalles\Desktop\Projetos\AcessiSaúde-Audit Ferramenta Computacional de Auditoria Contínua de
Acessibilidade Web (WCAGLBI) para Plataformas Públicas de Saúde\data\scans\ses-rj__20260824-122159__33244659.json
12:24:26 INFO    acessisaude_audit.persistence.database esquema do banco verificado  {'url': 'sqlite:///C:/Users/Thalles
/Desktop/Projetos/AcessiSaúde-Audit Ferramenta Computacional de Auditoria Contínua de Acessibilidade Web (WCAGLBI) para
Plataformas Públicas de Saúde/data/acessisaude.sqlite'}
12:24:26 INFO    acessisaude_audit.persistence.repositories varredura indexada  {'scan': '33244659-31db-4b30-80b8-568004
efa8b3', 'alvo': 'ses-rj', 'ica': 49.32, 'ian': 99.91}
Banco: sqlite:///C:/Users/Thalles/Desktop/Projetos/AcessiSaúde-Audit Ferramenta Computacional de Auditoria Contínua de
Acessibilidade Web (WCAGLBI) para Plataformas Públicas de Saúde/data/acessisaude.sqlite
[09:24:26] --- sms-rio ---
┌───────────────────────────────────────────────────── Varredura ─────────────────────────────────────────────────────┐
│ Secretaria Municipal de Saúde do Rio de Janeiro — seção informativa                                                 │
│ https://prefeitura.rio/saude                                                                                        │
│                                                                                                                     │
│ Páginas auditáveis: 1                                                                                               │
│ Lacunas declaradas (exigem autenticação): 0                                                                         │
│ Perfis: mobile-320, desktop-1366                                                                                    │
│ Intervalo entre requisições: 2000 ms                                                                                │
│ robots.txt: respeitado                                                                                              │
└─────────────────────────────────────────────────────────────────────────────────────────────────────────────────────┘
⠋ Auditando… ----------------------------------------  12:24:28 INFO    acessisaude_audit.auditor.engine       varredura
 iniciada  {'alvo': 'sms-rio', 'tarefas': 2, 'urls': 1, 'lacunas_declaradas': 0}
⠇ Auditando… ----------------------------------------  12:24:29 INFO    acessisaude_audit.auditor.browser      navegador
 iniciado  {'browser': 'chromium 151.0.7922.34'}
⠏ Auditando… ----------------------------------------  12:24:30 INFO    acessisaude_audit.auditor.crawler      robots.tx
t carregado  {'origem': 'https://prefeitura.rio'}
  https://prefeitura.rio/saude ---------------------------------------- 100%12:24:44 INFO    acessisaude_audit.auditor.b
rowser      navegador encerrado
12:24:44 INFO    acessisaude_audit.auditor.engine       varredura concluída  {'alvo': 'sms-rio', 'status': 'completed',
'paginas': 2, 'violacoes': 24, 'perda': 0.0}
  https://prefeitura.rio/saude ---------------------------------------- 100%
┌───────────────────────────────────────────────── Barreira absoluta ─────────────────────────────────────────────────┐
│ Foram detectadas violações de risco jurídico crítico: barreiras que impedem completamente o uso por um grupo        │
│ identificável, sem rota alternativa. Os demais índices descrevem a dificuldade de um serviço que, para essas        │
│ pessoas, está indisponível.                                                                                         │
└─────────────────────────────────────────────────────────────────────────────────────────────────────────────────────┘
                                        Índices agregados
┌──────────────────────────┬─────────┬───────────────────────────────────────────────────────────┐
│ indicador                │   valor │ leitura                                                   │
├──────────────────────────┼─────────┼───────────────────────────────────────────────────────────┤
│ ICA — Conformidade       │    61.0 │ 0–100, maior é melhor                                     │
│ IAN — Atrito             │   100.0 │ 0–100, menor é melhor                                     │
│ IEJ — Exposição jurídica │    81.2 │ 0–100, menor é melhor                                     │
│ Violações                │      24 │ 90 ocorrências                                            │
│ Revisão humana           │      11 │ achados indeterminados                                    │
│ Cobertura                │     54% │ 27/50 critérios                                           │
│ Perda de páginas         │    0.0% │ erros de navegação                                        │
│ Peso médio               │ 2.11 MB │ 0,6 centavo por acesso, 0.021% da franquia mensal         │
│ Custo da jornada         │ R$ 0,02 │ 4 acessos/mês · 0.08% da franquia                         │
│ Tráfego de terceiros     │     70% │ custo transferido ao usuário sem contrapartida no serviço │
└──────────────────────────┴─────────┴───────────────────────────────────────────────────────────┘
  Quem é excluído (ocorrências por grupo)
┌────────────────────────────┬─────────────┐
│ grupo                      │ ocorrências │
├────────────────────────────┼─────────────┤
│ cognitiva_neurodivergencia │          86 │
│ baixa_visao                │          66 │
│ cegueira                   │          64 │
│ baixa_conectividade        │          32 │
│ motora                     │          22 │
│ fala                       │          20 │
│ visao_de_cores             │          20 │
└────────────────────────────┴─────────────┘
A verificação automática cobre parte dos critérios A/AA. Ausência de achado não equivale a conformidade.
12:24:44 INFO    acessisaude_audit.persistence.repositories varredura gravada em disco  {'arquivo': 'C:\\Users\\Thalles\
\Desktop\\Projetos\\AcessiSaúde-Audit Ferramenta Computacional de Auditoria Contínua de Acessibilidade Web (WCAGLBI) par
a Plataformas Públicas de Saúde\\data\\scans\\sms-rio__20260824-122428__e7e493f8.json', 'bytes': 168974}
JSON: C:\Users\Thalles\Desktop\Projetos\AcessiSaúde-Audit Ferramenta Computacional de Auditoria Contínua de
Acessibilidade Web (WCAGLBI) para Plataformas Públicas de Saúde\data\scans\sms-rio__20260824-122428__e7e493f8.json
12:24:44 INFO    acessisaude_audit.persistence.database esquema do banco verificado  {'url': 'sqlite:///C:/Users/Thalles
/Desktop/Projetos/AcessiSaúde-Audit Ferramenta Computacional de Auditoria Contínua de Acessibilidade Web (WCAGLBI) para
Plataformas Públicas de Saúde/data/acessisaude.sqlite'}
12:24:44 INFO    acessisaude_audit.persistence.repositories varredura indexada  {'scan': 'e7e493f8-45c4-4c77-9b2c-b62fbe
b8579f', 'alvo': 'sms-rio', 'ica': 60.96, 'ian': 100.0}
Banco: sqlite:///C:/Users/Thalles/Desktop/Projetos/AcessiSaúde-Audit Ferramenta Computacional de Auditoria Contínua de
Acessibilidade Web (WCAGLBI) para Plataformas Públicas de Saúde/data/acessisaude.sqlite
[09:24:44] --- carioca-rio-saude ---
┌───────────────────────────────────────────────────── Varredura ─────────────────────────────────────────────────────┐
│ Carioca Digital — catálogo de serviços de saúde                                                                     │
│ https://carioca.rio                                                                                                 │
│                                                                                                                     │
│ Páginas auditáveis: 2                                                                                               │
│ Lacunas declaradas (exigem autenticação): 0                                                                         │
│ Perfis: mobile-320, desktop-1366                                                                                    │
│ Intervalo entre requisições: 2000 ms                                                                                │
│ robots.txt: respeitado                                                                                              │
└─────────────────────────────────────────────────────────────────────────────────────────────────────────────────────┘
⠋ Auditando… ----------------------------------------  12:24:46 INFO    acessisaude_audit.auditor.engine       varredura
 iniciada  {'alvo': 'carioca-rio-saude', 'tarefas': 4, 'urls': 2, 'lacunas_declaradas': 0}
⠇ Auditando… ----------------------------------------  12:24:46 INFO    acessisaude_audit.auditor.browser      navegador
 iniciado  {'browser': 'chromium 151.0.7922.34'}
⠇ Auditando… ----------------------------------------  12:24:47 INFO    acessisaude_audit.auditor.crawler      robots.tx
t carregado  {'origem': 'https://carioca.rio'}
  https://carioca.rio/servicos/atendimento-em-unidades-de-pronto-atendim ---------------------------------------- 100%12
:26:31 INFO    acessisaude_audit.auditor.browser      navegador encerrado
12:26:31 INFO    acessisaude_audit.auditor.engine       varredura concluída  {'alvo': 'carioca-rio-saude', 'status': 'co
mpleted', 'paginas': 4, 'violacoes': 44, 'perda': 0.0}
  https://carioca.rio/servicos/atendimento-em-unidades-de-pronto-atendim ---------------------------------------- 100%
┌───────────────────────────────────────────────── Barreira absoluta ─────────────────────────────────────────────────┐
│ Foram detectadas violações de risco jurídico crítico: barreiras que impedem completamente o uso por um grupo        │
│ identificável, sem rota alternativa. Os demais índices descrevem a dificuldade de um serviço que, para essas        │
│ pessoas, está indisponível.                                                                                         │
└─────────────────────────────────────────────────────────────────────────────────────────────────────────────────────┘
                                        Índices agregados
┌──────────────────────────┬─────────┬───────────────────────────────────────────────────────────┐
│ indicador                │   valor │ leitura                                                   │
├──────────────────────────┼─────────┼───────────────────────────────────────────────────────────┤
│ ICA — Conformidade       │    58.9 │ 0–100, maior é melhor                                     │
│ IAN — Atrito             │   100.0 │ 0–100, menor é melhor                                     │
│ IEJ — Exposição jurídica │    86.3 │ 0–100, menor é melhor                                     │
│ Violações                │      44 │ 965 ocorrências                                           │
│ Revisão humana           │      16 │ achados indeterminados                                    │
│ Cobertura                │     54% │ 27/50 critérios                                           │
│ Perda de páginas         │    0.0% │ erros de navegação                                        │
│ Peso médio               │ 1.10 MB │ 0,3 centavo por acesso, 0.011% da franquia mensal         │
│ Custo da jornada         │ R$ 0,01 │ 4 acessos/mês · 0.04% da franquia                         │
│ Tráfego de terceiros     │     39% │ custo transferido ao usuário sem contrapartida no serviço │
└──────────────────────────┴─────────┴───────────────────────────────────────────────────────────┘
  Quem é excluído (ocorrências por grupo)
┌────────────────────────────┬─────────────┐
│ grupo                      │ ocorrências │
├────────────────────────────┼─────────────┤
│ cognitiva_neurodivergencia │         960 │
│ baixa_visao                │         938 │
│ visao_de_cores             │         606 │
│ cegueira                   │         340 │
│ baixa_conectividade        │          49 │
│ motora                     │          36 │
│ fala                       │          24 │
└────────────────────────────┴─────────────┘
A verificação automática cobre parte dos critérios A/AA. Ausência de achado não equivale a conformidade.
12:26:31 INFO    acessisaude_audit.persistence.repositories varredura gravada em disco  {'arquivo': 'C:\\Users\\Thalles\
\Desktop\\Projetos\\AcessiSaúde-Audit Ferramenta Computacional de Auditoria Contínua de Acessibilidade Web (WCAGLBI) par
a Plataformas Públicas de Saúde\\data\\scans\\carioca-rio-saude__20260824-122446__60bfb981.json', 'bytes': 830325}
JSON: C:\Users\Thalles\Desktop\Projetos\AcessiSaúde-Audit Ferramenta Computacional de Auditoria Contínua de
Acessibilidade Web (WCAGLBI) para Plataformas Públicas de
Saúde\data\scans\carioca-rio-saude__20260824-122446__60bfb981.json
12:26:31 INFO    acessisaude_audit.persistence.database esquema do banco verificado  {'url': 'sqlite:///C:/Users/Thalles
/Desktop/Projetos/AcessiSaúde-Audit Ferramenta Computacional de Auditoria Contínua de Acessibilidade Web (WCAGLBI) para
Plataformas Públicas de Saúde/data/acessisaude.sqlite'}
12:26:31 INFO    acessisaude_audit.persistence.repositories varredura indexada  {'scan': '60bfb981-9d54-4e48-a349-b704fb
74c1bd', 'alvo': 'carioca-rio-saude', 'ica': 58.9, 'ian': 100.0}
Banco: sqlite:///C:/Users/Thalles/Desktop/Projetos/AcessiSaúde-Audit Ferramenta Computacional de Auditoria Contínua de
Acessibilidade Web (WCAGLBI) para Plataformas Públicas de Saúde/data/acessisaude.sqlite
[09:26:31] Exportando o dataset acumulado...
12:26:33 INFO    acessisaude_audit.reporting.exports    achados exportados  {'arquivo': 'C:\\Users\\Thalles\\Desktop\\Pr
ojetos\\AcessiSaúde-Audit Ferramenta Computacional de Auditoria Contínua de Acessibilidade Web (WCAGLBI) para Plataforma
s Públicas de Saúde\\data\\exports\\achados.csv', 'linhas': 3400}
12:26:33 INFO    acessisaude_audit.reporting.exports    páginas exportadas  {'arquivo': 'C:\\Users\\Thalles\\Desktop\\Pr
ojetos\\AcessiSaúde-Audit Ferramenta Computacional de Auditoria Contínua de Acessibilidade Web (WCAGLBI) para Plataforma
s Públicas de Saúde\\data\\exports\\paginas.csv', 'linhas': 384}
Varreduras processadas: 73
Achados: C:\Users\Thalles\Desktop\Projetos\AcessiSaúde-Audit Ferramenta Computacional de Auditoria Contínua de
Acessibilidade Web (WCAGLBI) para Plataformas Públicas de Saúde\data\exports\achados.csv
Páginas: C:\Users\Thalles\Desktop\Projetos\AcessiSaúde-Audit Ferramenta Computacional de Auditoria Contínua de
Acessibilidade Web (WCAGLBI) para Plataformas Públicas de Saúde\data\exports\paginas.csv
[09:26:34] Publicando em serie-temporal/scans-br ...






[09:26:40] Publicado: 73 varreduras no braco brasileiro.

[09:26:40] Concluido. Alvos com falha de execucao: 0
**********************
Fim da transcrição do Windows PowerShell
Hora de término: 20260824092640
**********************
