**********************
Início da transcrição do Windows PowerShell
Hora de início: 20260819092000
Nome de Usuário: DESKTOP-NKQNLBA\Thalles
Executar como Usuário: DESKTOP-NKQNLBA\Thalles
Nome da Configuração: 
Computador: DESKTOP-NKQNLBA (Microsoft Windows NT 10.0.19043.0)
Aplicativo Host: powershell.exe -NoProfile -ExecutionPolicy Bypass -File C:\Users\Thalles\Desktop\Projetos\AcessiSaúde-Audit Ferramenta Computacional de Auditoria Contínua de Acessibilidade Web (WCAGLBI) para Plataformas Públicas de Saúde\scripts\coleta-diaria.ps1
ID do Processo: 24844
PSVersion: 5.1.19041.610
PSEdition: Desktop
PSCompatibleVersions: 1.0, 2.0, 3.0, 4.0, 5.0, 5.1.19041.610
BuildVersion: 10.0.19041.610
CLRVersion: 4.0.30319.42000
WSManStackVersion: 3.0
PSRemotingProtocolVersion: 2.3
SerializationVersion: 1.1.0.1
**********************
[09:20:00] Coleta diaria — posicao de rede: residencial, Brasil
[09:20:00] Registro: C:\Users\Thalles\Desktop\Projetos\AcessiSaúde-Audit Ferramenta Computacional de Auditoria Contínua de Acessibilidade Web (WCAGLBI) para Plataformas Públicas de Saúde\data\logs\coleta-20260819-092000.log
[09:20:00] Subindo o servidor do conjunto de validacao...
[09:20:01] Varrendo o conjunto de validacao...
┌───────────────────────────────────────────────────── Varredura ─────────────────────────────────────────────────────┐
│ Conjunto de validação sintético (golden set)                                                                        │
│ http://127.0.0.1:8080                                                                                               │
│                                                                                                                     │
│ Páginas auditáveis: 5                                                                                               │
│ Lacunas declaradas (exigem autenticação): 0                                                                         │
│ Perfis: mobile-320, desktop-1366                                                                                    │
│ Intervalo entre requisições: 2000 ms                                                                                │
│ robots.txt: respeitado                                                                                              │
└─────────────────────────────────────────────────────────────────────────────────────────────────────────────────────┘
⠋ Auditando… ----------------------------------------  12:20:03 INFO    acessisaude_audit.auditor.engine       varredura
 iniciada  {'alvo': 'fixtures-local', 'tarefas': 10, 'urls': 5, 'lacunas_declaradas': 0}
⠏ Auditando… ----------------------------------------  12:20:04 INFO    acessisaude_audit.auditor.browser      navegador
 iniciado  {'browser': 'chromium 151.0.7922.34'}
⠏ Auditando… ----------------------------------------  12:20:05 INFO    acessisaude_audit.auditor.crawler      robots.tx
t indisponível — coleta permitida  {'origem': 'http://127.0.0.1:8080', 'http': 404}
⠸ http://127.0.0.1:8080/pages/pagina-pesada.html ------------------------------------ ---  90%12:20:53 INFO    acessisau
de_audit.auditor.browser      navegador encerrado
12:20:53 INFO    acessisaude_audit.auditor.engine       varredura concluída  {'alvo': 'fixtures-local', 'status': 'compl
eted', 'paginas': 10, 'violacoes': 50, 'perda': 0.0}
  http://127.0.0.1:8080/pages/pagina-pesada.html ---------------------------------------- 100%
┌───────────────────────────────────────────────── Barreira absoluta ─────────────────────────────────────────────────┐
│ Foram detectadas violações de risco jurídico crítico: barreiras que impedem completamente o uso por um grupo        │
│ identificável, sem rota alternativa. Os demais índices descrevem a dificuldade de um serviço que, para essas        │
│ pessoas, está indisponível.                                                                                         │
└─────────────────────────────────────────────────────────────────────────────────────────────────────────────────────┘
                                          Índices agregados
┌──────────────────────────┬─────────────┬───────────────────────────────────────────────────────────┐
│ indicador                │       valor │ leitura                                                   │
├──────────────────────────┼─────────────┼───────────────────────────────────────────────────────────┤
│ ICA — Conformidade       │        30.8 │ 0–100, maior é melhor                                     │
│ IAN — Atrito             │        96.6 │ 0–100, menor é melhor                                     │
│ IEJ — Exposição jurídica │        40.0 │ 0–100, menor é melhor                                     │
│ Violações                │          50 │ 119 ocorrências                                           │
│ Revisão humana           │          21 │ achados indeterminados                                    │
│ Cobertura                │         54% │ 27/50 critérios                                           │
│ Perda de páginas         │        0.0% │ erros de navegação                                        │
│ Peso médio               │     0.69 MB │ 0,2 centavo por acesso, 0.007% da franquia mensal         │
│ Custo da jornada         │ 0,8 centavo │ 4 acessos/mês · 0.03% da franquia                         │
│ Tráfego de terceiros     │         22% │ custo transferido ao usuário sem contrapartida no serviço │
└──────────────────────────┴─────────────┴───────────────────────────────────────────────────────────┘
  Quem é excluído (ocorrências por grupo)
┌────────────────────────────┬─────────────┐
│ grupo                      │ ocorrências │
├────────────────────────────┼─────────────┤
│ cognitiva_neurodivergencia │         107 │
│ baixa_visao                │          91 │
│ motora                     │          69 │
│ cegueira                   │          44 │
│ visao_de_cores             │          16 │
│ baixa_conectividade        │          10 │
│ fala                       │           4 │
│ surdez                     │           2 │
└────────────────────────────┴─────────────┘
A verificação automática cobre parte dos critérios A/AA. Ausência de achado não equivale a conformidade.
12:20:53 INFO    acessisaude_audit.persistence.repositories varredura gravada em disco  {'arquivo': 'C:\\Users\\Thalles\
\Desktop\\Projetos\\AcessiSaúde-Audit Ferramenta Computacional de Auditoria Contínua de Acessibilidade Web (WCAGLBI) par
a Plataformas Públicas de Saúde\\data\\scans\\fixtures-local__20260819-122003__7e25d4fe.json', 'bytes': 245023}
JSON: C:\Users\Thalles\Desktop\Projetos\AcessiSaúde-Audit Ferramenta Computacional de Auditoria Contínua de
Acessibilidade Web (WCAGLBI) para Plataformas Públicas de
Saúde\data\scans\fixtures-local__20260819-122003__7e25d4fe.json
12:20:53 INFO    acessisaude_audit.persistence.database esquema do banco verificado  {'url': 'sqlite:///C:/Users/Thalles
/Desktop/Projetos/AcessiSaúde-Audit Ferramenta Computacional de Auditoria Contínua de Acessibilidade Web (WCAGLBI) para
Plataformas Públicas de Saúde/data/acessisaude.sqlite'}
12:20:53 INFO    acessisaude_audit.persistence.repositories varredura indexada  {'scan': '7e25d4fe-261c-4210-95be-500e06
360c91', 'alvo': 'fixtures-local', 'ica': 30.82, 'ian': 96.64}
Banco: sqlite:///C:/Users/Thalles/Desktop/Projetos/AcessiSaúde-Audit Ferramenta Computacional de Auditoria Contínua de
Acessibilidade Web (WCAGLBI) para Plataformas Públicas de Saúde/data/acessisaude.sqlite
[09:20:53] Aferindo o instrumento...
[aferição] Aprovado — fixtures-local__20260819-122003__7e25d4fe.json
[09:20:54] Afericao aprovada.
[09:20:54] Servidor de fixtures encerrado.
[09:20:54] Alvos: conecte-sus-web gov-br-saude ses-rj sms-rio carioca-rio-saude
[09:20:54] --- conecte-sus-web ---
┌───────────────────────────────────────────────────── Varredura ─────────────────────────────────────────────────────┐
│ Meu SUS Digital (Conecte SUS) — versão web                                                                          │
│ https://meususdigital.saude.gov.br                                                                                  │
│                                                                                                                     │
│ Páginas auditáveis: 1                                                                                               │
│ Lacunas declaradas (exigem autenticação): 1                                                                         │
│ Perfis: mobile-320, desktop-1366                                                                                    │
│ Intervalo entre requisições: 2000 ms                                                                                │
│ robots.txt: respeitado                                                                                              │
└─────────────────────────────────────────────────────────────────────────────────────────────────────────────────────┘
⠋ Auditando… ----------------------------------------  12:20:56 INFO    acessisaude_audit.auditor.engine       varredura
 iniciada  {'alvo': 'conecte-sus-web', 'tarefas': 2, 'urls': 1, 'lacunas_declaradas': 1}
⠏ Auditando… ----------------------------------------  12:20:57 INFO    acessisaude_audit.auditor.browser      navegador
 iniciado  {'browser': 'chromium 151.0.7922.34'}
⠏ Auditando… ----------------------------------------  12:20:58 INFO    acessisaude_audit.auditor.crawler      robots.tx
t carregado  {'origem': 'https://meususdigital.saude.gov.br'}
  https://meususdigital.saude.gov.br/ ---------------------------------------- 100%12:21:17 INFO    acessisaude_audit.au
ditor.browser      navegador encerrado
12:21:17 INFO    acessisaude_audit.auditor.engine       varredura concluída  {'alvo': 'conecte-sus-web', 'status': 'comp
leted', 'paginas': 2, 'violacoes': 13, 'perda': 0.0}
  https://meususdigital.saude.gov.br/ ---------------------------------------- 100%
┌───────────────────────────────────────────────── Barreira absoluta ─────────────────────────────────────────────────┐
│ Foram detectadas violações de risco jurídico crítico: barreiras que impedem completamente o uso por um grupo        │
│ identificável, sem rota alternativa. Os demais índices descrevem a dificuldade de um serviço que, para essas        │
│ pessoas, está indisponível.                                                                                         │
└─────────────────────────────────────────────────────────────────────────────────────────────────────────────────────┘
                                        Índices agregados
┌──────────────────────────┬─────────┬───────────────────────────────────────────────────────────┐
│ indicador                │   valor │ leitura                                                   │
├──────────────────────────┼─────────┼───────────────────────────────────────────────────────────┤
│ ICA — Conformidade       │    72.6 │ 0–100, maior é melhor                                     │
│ IAN — Atrito             │    99.8 │ 0–100, menor é melhor                                     │
│ IEJ — Exposição jurídica │    58.7 │ 0–100, menor é melhor                                     │
│ Violações                │      13 │ 37 ocorrências                                            │
│ Revisão humana           │       3 │ achados indeterminados                                    │
│ Cobertura                │     54% │ 27/50 critérios                                           │
│ Perda de páginas         │    0.0% │ erros de navegação                                        │
│ Peso médio               │ 7.17 MB │ R$ 0,02 por acesso, 0.070% da franquia mensal             │
│ Custo da jornada         │ R$ 0,08 │ 4 acessos/mês · 0.28% da franquia                         │
│ Tráfego de terceiros     │      2% │ custo transferido ao usuário sem contrapartida no serviço │
└──────────────────────────┴─────────┴───────────────────────────────────────────────────────────┘
  Quem é excluído (ocorrências por grupo)
┌────────────────────────────┬─────────────┐
│ grupo                      │ ocorrências │
├────────────────────────────┼─────────────┤
│ cegueira                   │          31 │
│ baixa_visao                │          21 │
│ cognitiva_neurodivergencia │          21 │
│ baixa_conectividade        │          17 │
│ fala                       │          14 │
│ motora                     │          14 │
└────────────────────────────┴─────────────┘
A verificação automática cobre parte dos critérios A/AA. Ausência de achado não equivale a conformidade.
12:21:17 INFO    acessisaude_audit.persistence.repositories varredura gravada em disco  {'arquivo': 'C:\\Users\\Thalles\
\Desktop\\Projetos\\AcessiSaúde-Audit Ferramenta Computacional de Auditoria Contínua de Acessibilidade Web (WCAGLBI) par
a Plataformas Públicas de Saúde\\data\\scans\\conecte-sus-web__20260819-122056__7e323a7e.json', 'bytes': 75975}
JSON: C:\Users\Thalles\Desktop\Projetos\AcessiSaúde-Audit Ferramenta Computacional de Auditoria Contínua de
Acessibilidade Web (WCAGLBI) para Plataformas Públicas de
Saúde\data\scans\conecte-sus-web__20260819-122056__7e323a7e.json
12:21:17 INFO    acessisaude_audit.persistence.database esquema do banco verificado  {'url': 'sqlite:///C:/Users/Thalles
/Desktop/Projetos/AcessiSaúde-Audit Ferramenta Computacional de Auditoria Contínua de Acessibilidade Web (WCAGLBI) para
Plataformas Públicas de Saúde/data/acessisaude.sqlite'}
12:21:17 INFO    acessisaude_audit.persistence.repositories varredura indexada  {'scan': '7e323a7e-bbb7-440d-9021-bb58a6
0bbaec', 'alvo': 'conecte-sus-web', 'ica': 72.6, 'ian': 99.85}
Banco: sqlite:///C:/Users/Thalles/Desktop/Projetos/AcessiSaúde-Audit Ferramenta Computacional de Auditoria Contínua de
Acessibilidade Web (WCAGLBI) para Plataformas Públicas de Saúde/data/acessisaude.sqlite
[09:21:17] --- gov-br-saude ---
┌───────────────────────────────────────────────────── Varredura ─────────────────────────────────────────────────────┐
│ Portal gov.br — área de Saúde                                                                                       │
│ https://www.gov.br/saude/pt-br                                                                                      │
│                                                                                                                     │
│ Páginas auditáveis: 3                                                                                               │
│ Lacunas declaradas (exigem autenticação): 0                                                                         │
│ Perfis: mobile-320, desktop-1366                                                                                    │
│ Intervalo entre requisições: 2000 ms                                                                                │
│ robots.txt: respeitado                                                                                              │
└─────────────────────────────────────────────────────────────────────────────────────────────────────────────────────┘
⠋ Auditando… ----------------------------------------  12:21:19 INFO    acessisaude_audit.auditor.engine       varredura
 iniciada  {'alvo': 'gov-br-saude', 'tarefas': 6, 'urls': 3, 'lacunas_declaradas': 0}
⠋ Auditando… ----------------------------------------  12:21:20 INFO    acessisaude_audit.auditor.browser      navegador
 iniciado  {'browser': 'chromium 151.0.7922.34'}
⠋ Auditando… ----------------------------------------  12:21:21 INFO    acessisaude_audit.auditor.crawler      robots.tx
t carregado  {'origem': 'https://www.gov.br'}
  https://www.gov.br/saude/pt-br/composicao/saes ---------------------------------------- 100%12:21:41 INFO    acessisau
de_audit.auditor.browser      navegador encerrado
12:21:41 INFO    acessisaude_audit.auditor.engine       varredura concluída  {'alvo': 'gov-br-saude', 'status': 'partial
', 'paginas': 6, 'violacoes': 8, 'perda': 0.6667}
  https://www.gov.br/saude/pt-br/composicao/saes ---------------------------------------- 100%
┌───────────────────────────────────────────────── Barreira absoluta ─────────────────────────────────────────────────┐
│ Foram detectadas violações de risco jurídico crítico: barreiras que impedem completamente o uso por um grupo        │
│ identificável, sem rota alternativa. Os demais índices descrevem a dificuldade de um serviço que, para essas        │
│ pessoas, está indisponível.                                                                                         │
└─────────────────────────────────────────────────────────────────────────────────────────────────────────────────────┘
                                        Índices agregados
┌──────────────────────────┬─────────┬───────────────────────────────────────────────────────────┐
│ indicador                │   valor │ leitura                                                   │
├──────────────────────────┼─────────┼───────────────────────────────────────────────────────────┤
│ ICA — Conformidade       │    84.9 │ 0–100, maior é melhor                                     │
│ IAN — Atrito             │    91.7 │ 0–100, menor é melhor                                     │
│ IEJ — Exposição jurídica │    31.0 │ 0–100, menor é melhor                                     │
│ Violações                │       8 │ 18 ocorrências                                            │
│ Revisão humana           │       5 │ achados indeterminados                                    │
│ Cobertura                │     54% │ 27/50 critérios                                           │
│ Perda de páginas         │   66.7% │ erros de navegação                                        │
│ Peso médio               │ 6.93 MB │ R$ 0,02 por acesso, 0.068% da franquia mensal             │
│ Custo da jornada         │ R$ 0,08 │ 4 acessos/mês · 0.27% da franquia                         │
│ Tráfego de terceiros     │     15% │ custo transferido ao usuário sem contrapartida no serviço │
└──────────────────────────┴─────────┴───────────────────────────────────────────────────────────┘
  Quem é excluído (ocorrências por grupo)
┌────────────────────────────┬─────────────┐
│ grupo                      │ ocorrências │
├────────────────────────────┼─────────────┤
│ cegueira                   │          16 │
│ fala                       │          14 │
│ motora                     │          14 │
│ cognitiva_neurodivergencia │          14 │
│ baixa_visao                │           2 │
│ baixa_conectividade        │           2 │
└────────────────────────────┴─────────────┘
A verificação automática cobre parte dos critérios A/AA. Ausência de achado não equivale a conformidade.
12:21:41 INFO    acessisaude_audit.persistence.repositories varredura gravada em disco  {'arquivo': 'C:\\Users\\Thalles\
\Desktop\\Projetos\\AcessiSaúde-Audit Ferramenta Computacional de Auditoria Contínua de Acessibilidade Web (WCAGLBI) par
a Plataformas Públicas de Saúde\\data\\scans\\gov-br-saude__20260819-122119__5bbed8d4.json', 'bytes': 85136}
JSON: C:\Users\Thalles\Desktop\Projetos\AcessiSaúde-Audit Ferramenta Computacional de Auditoria Contínua de
Acessibilidade Web (WCAGLBI) para Plataformas Públicas de Saúde\data\scans\gov-br-saude__20260819-122119__5bbed8d4.json
12:21:41 INFO    acessisaude_audit.persistence.database esquema do banco verificado  {'url': 'sqlite:///C:/Users/Thalles
/Desktop/Projetos/AcessiSaúde-Audit Ferramenta Computacional de Auditoria Contínua de Acessibilidade Web (WCAGLBI) para
Plataformas Públicas de Saúde/data/acessisaude.sqlite'}
12:21:41 INFO    acessisaude_audit.persistence.repositories varredura indexada  {'scan': '5bbed8d4-4faa-4060-87dc-354913
c012c1', 'alvo': 'gov-br-saude', 'ica': 84.93, 'ian': 91.69}
Banco: sqlite:///C:/Users/Thalles/Desktop/Projetos/AcessiSaúde-Audit Ferramenta Computacional de Auditoria Contínua de
Acessibilidade Web (WCAGLBI) para Plataformas Públicas de Saúde/data/acessisaude.sqlite
[09:21:41] --- ses-rj ---
┌───────────────────────────────────────────────────── Varredura ─────────────────────────────────────────────────────┐
│ Secretaria de Estado de Saúde do Rio de Janeiro                                                                     │
│ https://www.rj.gov.br/saude                                                                                         │
│                                                                                                                     │
│ Páginas auditáveis: 3                                                                                               │
│ Lacunas declaradas (exigem autenticação): 0                                                                         │
│ Perfis: mobile-320, desktop-1366                                                                                    │
│ Intervalo entre requisições: 2000 ms                                                                                │
│ robots.txt: respeitado                                                                                              │
└─────────────────────────────────────────────────────────────────────────────────────────────────────────────────────┘
⠋ Auditando… ----------------------------------------  12:21:43 INFO    acessisaude_audit.auditor.engine       varredura
 iniciada  {'alvo': 'ses-rj', 'tarefas': 6, 'urls': 3, 'lacunas_declaradas': 0}
⠋ Auditando… ----------------------------------------  12:21:43 INFO    acessisaude_audit.auditor.browser      navegador
 iniciado  {'browser': 'chromium 151.0.7922.34'}
⠋ Auditando… ----------------------------------------  12:21:44 INFO    acessisaude_audit.auditor.crawler      robots.tx
t carregado  {'origem': 'https://www.rj.gov.br'}
⠙ https://www.rj.gov.br/saude ------------- --------------------------  33%12:22:54 INFO    acessisaude_audit.auditor.cr
awler      robots.txt indisponível — coleta permitida  {'origem': 'https://www.saude.rj.gov.br', 'http': 404}
  https://www.saude.rj.gov.br/laudos ---------------------------------------- 100%12:24:11 INFO    acessisaude_audit.aud
itor.browser      navegador encerrado
12:24:11 INFO    acessisaude_audit.auditor.engine       varredura concluída  {'alvo': 'ses-rj', 'status': 'completed', '
paginas': 6, 'violacoes': 60, 'perda': 0.0}
  https://www.saude.rj.gov.br/laudos ---------------------------------------- 100%
┌───────────────────────────────────────────────── Barreira absoluta ─────────────────────────────────────────────────┐
│ Foram detectadas violações de risco jurídico crítico: barreiras que impedem completamente o uso por um grupo        │
│ identificável, sem rota alternativa. Os demais índices descrevem a dificuldade de um serviço que, para essas        │
│ pessoas, está indisponível.                                                                                         │
└─────────────────────────────────────────────────────────────────────────────────────────────────────────────────────┘
                                        Índices agregados
┌──────────────────────────┬─────────┬───────────────────────────────────────────────────────────┐
│ indicador                │   valor │ leitura                                                   │
├──────────────────────────┼─────────┼───────────────────────────────────────────────────────────┤
│ ICA — Conformidade       │    49.3 │ 0–100, maior é melhor                                     │
│ IAN — Atrito             │    99.9 │ 0–100, menor é melhor                                     │
│ IEJ — Exposição jurídica │    67.7 │ 0–100, menor é melhor                                     │
│ Violações                │      60 │ 158 ocorrências                                           │
│ Revisão humana           │      18 │ achados indeterminados                                    │
│ Cobertura                │     54% │ 27/50 critérios                                           │
│ Perda de páginas         │    0.0% │ erros de navegação                                        │
│ Peso médio               │ 2.98 MB │ 0,9 centavo por acesso, 0.029% da franquia mensal         │
│ Custo da jornada         │ R$ 0,04 │ 4 acessos/mês · 0.12% da franquia                         │
│ Tráfego de terceiros     │     28% │ custo transferido ao usuário sem contrapartida no serviço │
└──────────────────────────┴─────────┴───────────────────────────────────────────────────────────┘
  Quem é excluído (ocorrências por grupo)
┌────────────────────────────┬─────────────┐
│ grupo                      │ ocorrências │
├────────────────────────────┼─────────────┤
│ cognitiva_neurodivergencia │         129 │
│ motora                     │         120 │
│ cegueira                   │         112 │
│ fala                       │          84 │
│ baixa_visao                │          61 │
│ baixa_conectividade        │           9 │
│ visao_de_cores             │           8 │
└────────────────────────────┴─────────────┘
A verificação automática cobre parte dos critérios A/AA. Ausência de achado não equivale a conformidade.
12:24:11 INFO    acessisaude_audit.persistence.repositories varredura gravada em disco  {'arquivo': 'C:\\Users\\Thalles\
\Desktop\\Projetos\\AcessiSaúde-Audit Ferramenta Computacional de Auditoria Contínua de Acessibilidade Web (WCAGLBI) par
a Plataformas Públicas de Saúde\\data\\scans\\ses-rj__20260819-122143__02c4805c.json', 'bytes': 439858}
JSON: C:\Users\Thalles\Desktop\Projetos\AcessiSaúde-Audit Ferramenta Computacional de Auditoria Contínua de
Acessibilidade Web (WCAGLBI) para Plataformas Públicas de Saúde\data\scans\ses-rj__20260819-122143__02c4805c.json
12:24:11 INFO    acessisaude_audit.persistence.database esquema do banco verificado  {'url': 'sqlite:///C:/Users/Thalles
/Desktop/Projetos/AcessiSaúde-Audit Ferramenta Computacional de Auditoria Contínua de Acessibilidade Web (WCAGLBI) para
Plataformas Públicas de Saúde/data/acessisaude.sqlite'}
12:24:11 INFO    acessisaude_audit.persistence.repositories varredura indexada  {'scan': '02c4805c-7246-4d06-a4df-5af173
c89f97', 'alvo': 'ses-rj', 'ica': 49.32, 'ian': 99.91}
Banco: sqlite:///C:/Users/Thalles/Desktop/Projetos/AcessiSaúde-Audit Ferramenta Computacional de Auditoria Contínua de
Acessibilidade Web (WCAGLBI) para Plataformas Públicas de Saúde/data/acessisaude.sqlite
[09:24:11] --- sms-rio ---
┌───────────────────────────────────────────────────── Varredura ─────────────────────────────────────────────────────┐
│ Secretaria Municipal de Saúde do Rio de Janeiro — seção informativa                                                 │
│ https://prefeitura.rio/saude                                                                                        │
│                                                                                                                     │
│ Páginas auditáveis: 1                                                                                               │
│ Lacunas declaradas (exigem autenticação): 0                                                                         │
│ Perfis: mobile-320, desktop-1366                                                                                    │
│ Intervalo entre requisições: 2000 ms                                                                                │
│ robots.txt: respeitado                                                                                              │
└─────────────────────────────────────────────────────────────────────────────────────────────────────────────────────┘
⠋ Auditando… ----------------------------------------  12:24:13 INFO    acessisaude_audit.auditor.engine       varredura
 iniciada  {'alvo': 'sms-rio', 'tarefas': 2, 'urls': 1, 'lacunas_declaradas': 0}
⠋ Auditando… ----------------------------------------  12:24:14 INFO    acessisaude_audit.auditor.browser      navegador
 iniciado  {'browser': 'chromium 151.0.7922.34'}
⠙ Auditando… ----------------------------------------  12:24:15 INFO    acessisaude_audit.auditor.crawler      robots.tx
t carregado  {'origem': 'https://prefeitura.rio'}
  https://prefeitura.rio/saude ---------------------------------------- 100%12:24:27 INFO    acessisaude_audit.auditor.b
rowser      navegador encerrado
12:24:27 INFO    acessisaude_audit.auditor.engine       varredura concluída  {'alvo': 'sms-rio', 'status': 'completed',
'paginas': 2, 'violacoes': 24, 'perda': 0.0}
  https://prefeitura.rio/saude ---------------------------------------- 100%
┌───────────────────────────────────────────────── Barreira absoluta ─────────────────────────────────────────────────┐
│ Foram detectadas violações de risco jurídico crítico: barreiras que impedem completamente o uso por um grupo        │
│ identificável, sem rota alternativa. Os demais índices descrevem a dificuldade de um serviço que, para essas        │
│ pessoas, está indisponível.                                                                                         │
└─────────────────────────────────────────────────────────────────────────────────────────────────────────────────────┘
                                        Índices agregados
┌──────────────────────────┬─────────┬───────────────────────────────────────────────────────────┐
│ indicador                │   valor │ leitura                                                   │
├──────────────────────────┼─────────┼───────────────────────────────────────────────────────────┤
│ ICA — Conformidade       │    61.0 │ 0–100, maior é melhor                                     │
│ IAN — Atrito             │   100.0 │ 0–100, menor é melhor                                     │
│ IEJ — Exposição jurídica │    80.9 │ 0–100, menor é melhor                                     │
│ Violações                │      24 │ 86 ocorrências                                            │
│ Revisão humana           │      11 │ achados indeterminados                                    │
│ Cobertura                │     54% │ 27/50 critérios                                           │
│ Perda de páginas         │    0.0% │ erros de navegação                                        │
│ Peso médio               │ 2.10 MB │ 0,6 centavo por acesso, 0.021% da franquia mensal         │
│ Custo da jornada         │ R$ 0,02 │ 4 acessos/mês · 0.08% da franquia                         │
│ Tráfego de terceiros     │     70% │ custo transferido ao usuário sem contrapartida no serviço │
└──────────────────────────┴─────────┴───────────────────────────────────────────────────────────┘
  Quem é excluído (ocorrências por grupo)
┌────────────────────────────┬─────────────┐
│ grupo                      │ ocorrências │
├────────────────────────────┼─────────────┤
│ cognitiva_neurodivergencia │          82 │
│ baixa_visao                │          62 │
│ cegueira                   │          60 │
│ baixa_conectividade        │          28 │
│ motora                     │          22 │
│ fala                       │          20 │
│ visao_de_cores             │          20 │
└────────────────────────────┴─────────────┘
A verificação automática cobre parte dos critérios A/AA. Ausência de achado não equivale a conformidade.
12:24:28 INFO    acessisaude_audit.persistence.repositories varredura gravada em disco  {'arquivo': 'C:\\Users\\Thalles\
\Desktop\\Projetos\\AcessiSaúde-Audit Ferramenta Computacional de Auditoria Contínua de Acessibilidade Web (WCAGLBI) par
a Plataformas Públicas de Saúde\\data\\scans\\sms-rio__20260819-122413__fb5f54ac.json', 'bytes': 166454}
JSON: C:\Users\Thalles\Desktop\Projetos\AcessiSaúde-Audit Ferramenta Computacional de Auditoria Contínua de
Acessibilidade Web (WCAGLBI) para Plataformas Públicas de Saúde\data\scans\sms-rio__20260819-122413__fb5f54ac.json
12:24:28 INFO    acessisaude_audit.persistence.database esquema do banco verificado  {'url': 'sqlite:///C:/Users/Thalles
/Desktop/Projetos/AcessiSaúde-Audit Ferramenta Computacional de Auditoria Contínua de Acessibilidade Web (WCAGLBI) para
Plataformas Públicas de Saúde/data/acessisaude.sqlite'}
12:24:28 INFO    acessisaude_audit.persistence.repositories varredura indexada  {'scan': 'fb5f54ac-edad-4161-9b48-e6267d
ea1493', 'alvo': 'sms-rio', 'ica': 60.96, 'ian': 100.0}
Banco: sqlite:///C:/Users/Thalles/Desktop/Projetos/AcessiSaúde-Audit Ferramenta Computacional de Auditoria Contínua de
Acessibilidade Web (WCAGLBI) para Plataformas Públicas de Saúde/data/acessisaude.sqlite
[09:24:28] --- carioca-rio-saude ---
┌───────────────────────────────────────────────────── Varredura ─────────────────────────────────────────────────────┐
│ Carioca Digital — catálogo de serviços de saúde                                                                     │
│ https://carioca.rio                                                                                                 │
│                                                                                                                     │
│ Páginas auditáveis: 2                                                                                               │
│ Lacunas declaradas (exigem autenticação): 0                                                                         │
│ Perfis: mobile-320, desktop-1366                                                                                    │
│ Intervalo entre requisições: 2000 ms                                                                                │
│ robots.txt: respeitado                                                                                              │
└─────────────────────────────────────────────────────────────────────────────────────────────────────────────────────┘
⠋ Auditando… ----------------------------------------  12:24:29 INFO    acessisaude_audit.auditor.engine       varredura
 iniciada  {'alvo': 'carioca-rio-saude', 'tarefas': 4, 'urls': 2, 'lacunas_declaradas': 0}
⠇ Auditando… ----------------------------------------  12:24:30 INFO    acessisaude_audit.auditor.browser      navegador
 iniciado  {'browser': 'chromium 151.0.7922.34'}
⠧ Auditando… ----------------------------------------  12:24:31 INFO    acessisaude_audit.auditor.crawler      robots.tx
t carregado  {'origem': 'https://carioca.rio'}
  https://carioca.rio/servicos/atendimento-em-unidades-de-pronto-atendim ---------------------------------------- 100%12
:26:17 INFO    acessisaude_audit.auditor.browser      navegador encerrado
12:26:17 INFO    acessisaude_audit.auditor.engine       varredura concluída  {'alvo': 'carioca-rio-saude', 'status': 'co
mpleted', 'paginas': 4, 'violacoes': 48, 'perda': 0.0}
  https://carioca.rio/servicos/atendimento-em-unidades-de-pronto-atendim ---------------------------------------- 100%
┌───────────────────────────────────────────────── Barreira absoluta ─────────────────────────────────────────────────┐
│ Foram detectadas violações de risco jurídico crítico: barreiras que impedem completamente o uso por um grupo        │
│ identificável, sem rota alternativa. Os demais índices descrevem a dificuldade de um serviço que, para essas        │
│ pessoas, está indisponível.                                                                                         │
└─────────────────────────────────────────────────────────────────────────────────────────────────────────────────────┘
                                        Índices agregados
┌──────────────────────────┬─────────┬───────────────────────────────────────────────────────────┐
│ indicador                │   valor │ leitura                                                   │
├──────────────────────────┼─────────┼───────────────────────────────────────────────────────────┤
│ ICA — Conformidade       │    50.7 │ 0–100, maior é melhor                                     │
│ IAN — Atrito             │   100.0 │ 0–100, menor é melhor                                     │
│ IEJ — Exposição jurídica │    88.1 │ 0–100, menor é melhor                                     │
│ Violações                │      48 │ 975 ocorrências                                           │
│ Revisão humana           │      16 │ achados indeterminados                                    │
│ Cobertura                │     54% │ 27/50 critérios                                           │
│ Perda de páginas         │    0.0% │ erros de navegação                                        │
│ Peso médio               │ 1.18 MB │ 0,3 centavo por acesso, 0.011% da franquia mensal         │
│ Custo da jornada         │ R$ 0,01 │ 4 acessos/mês · 0.05% da franquia                         │
│ Tráfego de terceiros     │     43% │ custo transferido ao usuário sem contrapartida no serviço │
└──────────────────────────┴─────────┴───────────────────────────────────────────────────────────┘
  Quem é excluído (ocorrências por grupo)
┌────────────────────────────┬─────────────┐
│ grupo                      │ ocorrências │
├────────────────────────────┼─────────────┤
│ cognitiva_neurodivergencia │         964 │
│ baixa_visao                │         942 │
│ visao_de_cores             │         608 │
│ cegueira                   │         346 │
│ baixa_conectividade        │          55 │
│ motora                     │          40 │
│ fala                       │          24 │
└────────────────────────────┴─────────────┘
A verificação automática cobre parte dos critérios A/AA. Ausência de achado não equivale a conformidade.
12:26:17 INFO    acessisaude_audit.persistence.repositories varredura gravada em disco  {'arquivo': 'C:\\Users\\Thalles\
\Desktop\\Projetos\\AcessiSaúde-Audit Ferramenta Computacional de Auditoria Contínua de Acessibilidade Web (WCAGLBI) par
a Plataformas Públicas de Saúde\\data\\scans\\carioca-rio-saude__20260819-122429__19b2c8a0.json', 'bytes': 848835}
JSON: C:\Users\Thalles\Desktop\Projetos\AcessiSaúde-Audit Ferramenta Computacional de Auditoria Contínua de
Acessibilidade Web (WCAGLBI) para Plataformas Públicas de
Saúde\data\scans\carioca-rio-saude__20260819-122429__19b2c8a0.json
12:26:17 INFO    acessisaude_audit.persistence.database esquema do banco verificado  {'url': 'sqlite:///C:/Users/Thalles
/Desktop/Projetos/AcessiSaúde-Audit Ferramenta Computacional de Auditoria Contínua de Acessibilidade Web (WCAGLBI) para
Plataformas Públicas de Saúde/data/acessisaude.sqlite'}
12:26:17 INFO    acessisaude_audit.persistence.repositories varredura indexada  {'scan': '19b2c8a0-d18d-48d8-a29e-316d20
f7f27f', 'alvo': 'carioca-rio-saude', 'ica': 50.68, 'ian': 100.0}
Banco: sqlite:///C:/Users/Thalles/Desktop/Projetos/AcessiSaúde-Audit Ferramenta Computacional de Auditoria Contínua de
Acessibilidade Web (WCAGLBI) para Plataformas Públicas de Saúde/data/acessisaude.sqlite
[09:26:17] Exportando o dataset acumulado...
12:26:19 INFO    acessisaude_audit.reporting.exports    achados exportados  {'arquivo': 'C:\\Users\\Thalles\\Desktop\\Pr
ojetos\\AcessiSaúde-Audit Ferramenta Computacional de Auditoria Contínua de Acessibilidade Web (WCAGLBI) para Plataforma
s Públicas de Saúde\\data\\exports\\achados.csv', 'linhas': 1932}
12:26:19 INFO    acessisaude_audit.reporting.exports    páginas exportadas  {'arquivo': 'C:\\Users\\Thalles\\Desktop\\Pr
ojetos\\AcessiSaúde-Audit Ferramenta Computacional de Auditoria Contínua de Acessibilidade Web (WCAGLBI) para Plataforma
s Públicas de Saúde\\data\\exports\\paginas.csv', 'linhas': 234}
Varreduras processadas: 43
Achados: C:\Users\Thalles\Desktop\Projetos\AcessiSaúde-Audit Ferramenta Computacional de Auditoria Contínua de
Acessibilidade Web (WCAGLBI) para Plataformas Públicas de Saúde\data\exports\achados.csv
Páginas: C:\Users\Thalles\Desktop\Projetos\AcessiSaúde-Audit Ferramenta Computacional de Auditoria Contínua de
Acessibilidade Web (WCAGLBI) para Plataformas Públicas de Saúde\data\exports\paginas.csv
[09:26:19] Publicando em serie-temporal/scans-br ...






[09:26:24] Publicado: 43 varreduras no braco brasileiro.

[09:26:25] Concluido. Alvos com falha de execucao: 0
**********************
Fim da transcrição do Windows PowerShell
Hora de término: 20260819092625
**********************
